[2026-02-21 16:36:03,431][__main__][INFO] - Computing pairwise distance matrix...
[2026-02-21 17:55:16,061][__main__][INFO] - Distance matrix shape: (11570, 11570)
[2026-02-21 17:55:16,834][__main__][INFO] - Saved distance matrix to /export/ssule25/TMDmaps/data/butane/dist_matrices/2026-02-21_17-55-16_7fcba0e5/sqdists.npz
[2026-02-21 17:55:16,835][__main__][INFO] - Saved config snapshot to /export/ssule25/TMDmaps/data/butane/dist_matrices/2026-02-21_17-55-16_7fcba0e5/config.yaml
[2026-02-21 17:55:16,835][__main__][INFO] - Starting trials...
[2026-02-21 17:55:24,359][__main__][ERROR] - Exception at epsilon=9.999999999999999e-05: Singular matrix
[2026-02-21 17:55:31,365][__main__][ERROR] - Exception at epsilon=0.00010974987654930556: Singular matrix
[2026-02-21 17:55:38,149][__main__][ERROR] - Exception at epsilon=0.00012045035402587825: Singular matrix
[2026-02-21 17:55:44,978][__main__][ERROR] - Exception at epsilon=0.00013219411484660285: Singular matrix
[2026-02-21 17:55:51,819][__main__][ERROR] - Exception at epsilon=0.000145082877849594: Singular matrix
[2026-02-21 17:55:59,137][__main__][INFO] - epsilon=1.592283e-04  rate=nan  rho_A=nan
[2026-02-21 17:56:06,118][__main__][ERROR] - Exception at epsilon=0.00017475284000076832: Singular matrix
[2026-02-21 17:56:13,577][__main__][INFO] - epsilon=1.917910e-04  rate=nan  rho_A=nan
[2026-02-21 17:56:21,149][__main__][INFO] - epsilon=2.104904e-04  rate=nan  rho_A=nan
[2026-02-21 17:56:28,938][__main__][INFO] - epsilon=2.310130e-04  rate=nan  rho_A=1.903426e+260
[2026-02-21 17:56:36,835][__main__][INFO] - epsilon=2.535364e-04  rate=nan  rho_A=9.720365e+237
[2026-02-21 17:56:45,181][__main__][INFO] - epsilon=2.782559e-04  rate=nan  rho_A=-6.958100e+254
[2026-02-21 17:56:53,749][__main__][INFO] - epsilon=3.053856e-04  rate=nan  rho_A=-1.900073e+182
[2026-02-21 17:57:02,757][__main__][INFO] - epsilon=3.351603e-04  rate=nan  rho_A=2.832228e+175
[2026-02-21 17:57:12,356][__main__][INFO] - epsilon=3.678380e-04  rate=nan  rho_A=1.442882e+151
[2026-02-21 17:57:22,432][__main__][INFO] - epsilon=4.037017e-04  rate=2.873132e+179  rho_A=-1.812713e+141
[2026-02-21 17:57:32,991][__main__][INFO] - epsilon=4.430621e-04  rate=2.683703e+169  rho_A=-2.352449e+132
[2026-02-21 17:57:44,058][__main__][INFO] - epsilon=4.862602e-04  rate=1.096161e+148  rho_A=-6.290446e+111
[2026-02-21 17:57:55,991][__main__][INFO] - epsilon=5.336699e-04  rate=1.590464e+146  rho_A=5.554591e+116
[2026-02-21 17:58:08,690][__main__][INFO] - epsilon=5.857021e-04  rate=7.485799e+132  rho_A=5.363992e+109
[2026-02-21 17:58:22,136][__main__][INFO] - epsilon=6.428073e-04  rate=2.826233e+100  rho_A=8.029629e+72
[2026-02-21 17:58:36,170][__main__][INFO] - epsilon=7.054802e-04  rate=3.028099e+97  rho_A=-5.630570e+74
[2026-02-21 17:58:50,630][__main__][INFO] - epsilon=7.742637e-04  rate=2.454369e+77  rho_A=2.708298e+59
[2026-02-21 17:59:05,482][__main__][INFO] - epsilon=8.497534e-04  rate=8.837614e+35  rho_A=-1.049982e+43
[2026-02-21 17:59:20,267][__main__][INFO] - epsilon=9.326033e-04  rate=2.071748e+50  rho_A=-1.851494e+54
[2026-02-21 17:59:34,737][__main__][INFO] - epsilon=1.023531e-03  rate=1.085946e+45  rho_A=-3.484657e+45
[2026-02-21 17:59:48,861][__main__][INFO] - epsilon=1.123324e-03  rate=9.581154e+24  rho_A=1.702837e+32
[2026-02-21 18:00:02,337][__main__][INFO] - epsilon=1.232847e-03  rate=2.317871e+26  rho_A=9.991724e+32
[2026-02-21 18:00:15,041][__main__][INFO] - epsilon=1.353048e-03  rate=7.340532e+19  rho_A=9.238019e+29
[2026-02-21 18:00:27,014][__main__][INFO] - epsilon=1.484968e-03  rate=7.191122e+12  rho_A=1.853323e+24
[2026-02-21 18:00:38,200][__main__][INFO] - epsilon=1.629751e-03  rate=1.832868e+09  rho_A=1.536416e+16
[2026-02-21 18:00:48,654][__main__][INFO] - epsilon=1.788650e-03  rate=1.553565e-01  rho_A=6.165763e+13
[2026-02-21 18:00:58,432][__main__][INFO] - epsilon=1.963041e-03  rate=5.498062e-01  rho_A=9.621146e+11
[2026-02-21 18:01:07,699][__main__][INFO] - epsilon=2.154435e-03  rate=1.565903e-01  rho_A=3.178971e+05
[2026-02-21 18:01:16,571][__main__][INFO] - epsilon=2.364489e-03  rate=5.368887e-02  rho_A=7.621838e+02
[2026-02-21 18:01:25,265][__main__][INFO] - epsilon=2.595024e-03  rate=1.600987e-08  rho_A=9.417752e-01
[2026-02-21 18:01:33,867][__main__][INFO] - epsilon=2.848036e-03  rate=2.893375e-12  rho_A=7.181415e-01
[2026-02-21 18:01:42,439][__main__][INFO] - epsilon=3.125716e-03  rate=2.144707e-14  rho_A=6.843741e-01
[2026-02-21 18:01:51,149][__main__][INFO] - epsilon=3.430469e-03  rate=5.876713e-14  rho_A=6.778846e-01
[2026-02-21 18:02:00,144][__main__][INFO] - epsilon=3.764936e-03  rate=1.560510e-13  rho_A=6.777666e-01
[2026-02-21 18:02:08,911][__main__][INFO] - epsilon=4.132012e-03  rate=4.178481e-13  rho_A=6.776901e-01
[2026-02-21 18:02:17,498][__main__][INFO] - epsilon=4.534879e-03  rate=1.138432e-12  rho_A=6.778083e-01
[2026-02-21 18:02:26,250][__main__][INFO] - epsilon=4.977024e-03  rate=3.057652e-12  rho_A=6.781469e-01
[2026-02-21 18:02:34,899][__main__][INFO] - epsilon=5.462277e-03  rate=7.783915e-12  rho_A=6.786095e-01
[2026-02-21 18:02:43,358][__main__][INFO] - epsilon=5.994843e-03  rate=1.841767e-11  rho_A=6.790574e-01
[2026-02-21 18:02:51,663][__main__][INFO] - epsilon=6.579332e-03  rate=4.053782e-11  rho_A=6.793277e-01
[2026-02-21 18:02:59,963][__main__][INFO] - epsilon=7.220809e-03  rate=8.367594e-11  rho_A=6.793706e-01
[2026-02-21 18:03:07,702][__main__][INFO] - epsilon=7.924829e-03  rate=1.624214e-10  rho_A=6.792544e-01
[2026-02-21 18:03:15,159][__main__][INFO] - epsilon=8.697490e-03  rate=2.946294e-10  rho_A=6.790377e-01
[2026-02-21 18:03:22,321][__main__][INFO] - epsilon=9.545485e-03  rate=4.945335e-10  rho_A=6.787163e-01
[2026-02-21 18:03:29,347][__main__][INFO] - epsilon=1.047616e-02  rate=7.652590e-10  rho_A=6.782716e-01
[2026-02-21 18:03:36,423][__main__][INFO] - epsilon=1.149757e-02  rate=1.102641e-09  rho_A=6.777202e-01
[2026-02-21 18:03:43,365][__main__][INFO] - epsilon=1.261857e-02  rate=1.511500e-09  rho_A=6.771829e-01
[2026-02-21 18:03:50,441][__main__][INFO] - epsilon=1.384886e-02  rate=2.018144e-09  rho_A=6.768409e-01
[2026-02-21 18:03:57,442][__main__][INFO] - epsilon=1.519911e-02  rate=2.672672e-09  rho_A=6.767464e-01
[2026-02-21 18:04:04,554][__main__][INFO] - epsilon=1.668101e-02  rate=3.554822e-09  rho_A=6.768331e-01
[2026-02-21 18:04:11,539][__main__][INFO] - epsilon=1.830738e-02  rate=4.798040e-09  rho_A=6.770211e-01
[2026-02-21 18:04:18,378][__main__][INFO] - epsilon=2.009233e-02  rate=6.645753e-09  rho_A=6.773605e-01
[2026-02-21 18:04:25,208][__main__][INFO] - epsilon=2.205131e-02  rate=9.562162e-09  rho_A=6.781622e-01
[2026-02-21 18:04:32,111][__main__][INFO] - epsilon=2.420128e-02  rate=1.440041e-08  rho_A=6.798255e-01
[2026-02-21 18:04:38,991][__main__][INFO] - epsilon=2.656088e-02  rate=2.257159e-08  rho_A=6.824230e-01
[2026-02-21 18:04:45,925][__main__][INFO] - epsilon=2.915053e-02  rate=3.617879e-08  rho_A=6.856274e-01
[2026-02-21 18:04:52,761][__main__][INFO] - epsilon=3.199267e-02  rate=5.818781e-08  rho_A=6.890880e-01
[2026-02-21 18:04:59,569][__main__][INFO] - epsilon=3.511192e-02  rate=9.278350e-08  rho_A=6.925732e-01
[2026-02-21 18:05:06,352][__main__][INFO] - epsilon=3.853529e-02  rate=1.464270e-07  rho_A=6.959647e-01
[2026-02-21 18:05:13,172][__main__][INFO] - epsilon=4.229243e-02  rate=2.297204e-07  rho_A=6.991970e-01
[2026-02-21 18:05:19,983][__main__][INFO] - epsilon=4.641589e-02  rate=3.605369e-07  rho_A=7.022181e-01
[2026-02-21 18:05:26,796][__main__][INFO] - epsilon=5.094138e-02  rate=5.730523e-07  rho_A=7.051774e-01
[2026-02-21 18:05:33,627][__main__][INFO] - epsilon=5.590810e-02  rate=9.394209e-07  rho_A=7.084968e-01
[2026-02-21 18:05:40,427][__main__][INFO] - epsilon=6.135907e-02  rate=1.599716e-06  rho_A=7.127099e-01
[2026-02-21 18:05:47,222][__main__][INFO] - epsilon=6.734151e-02  rate=2.783476e-06  rho_A=7.183565e-01
[2026-02-21 18:05:54,049][__main__][INFO] - epsilon=7.390722e-02  rate=4.832961e-06  rho_A=7.259972e-01
[2026-02-21 18:06:00,855][__main__][INFO] - epsilon=8.111308e-02  rate=8.229229e-06  rho_A=7.361310e-01
[2026-02-21 18:06:07,676][__main__][INFO] - epsilon=8.902151e-02  rate=1.346722e-05  rho_A=7.488532e-01
[2026-02-21 18:06:14,489][__main__][INFO] - epsilon=9.770100e-02  rate=2.060116e-05  rho_A=7.636071e-01
[2026-02-21 18:06:21,354][__main__][INFO] - epsilon=1.072267e-01  rate=2.874448e-05  rho_A=7.792696e-01
[2026-02-21 18:06:28,227][__main__][INFO] - epsilon=1.176812e-01  rate=3.632083e-05  rho_A=7.945325e-01
[2026-02-21 18:06:35,070][__main__][INFO] - epsilon=1.291550e-01  rate=4.213442e-05  rho_A=8.084423e-01
[2026-02-21 18:06:41,893][__main__][INFO] - epsilon=1.417474e-01  rate=4.604484e-05  rho_A=8.206311e-01
[2026-02-21 18:06:48,730][__main__][INFO] - epsilon=1.555676e-01  rate=4.862574e-05  rho_A=8.311442e-01
[2026-02-21 18:06:55,556][__main__][INFO] - epsilon=1.707353e-01  rate=5.050548e-05  rho_A=8.401849e-01
[2026-02-21 18:07:02,557][__main__][INFO] - epsilon=1.873817e-01  rate=5.202563e-05  rho_A=8.479637e-01
[2026-02-21 18:07:09,496][__main__][INFO] - epsilon=2.056512e-01  rate=5.322218e-05  rho_A=8.546538e-01
[2026-02-21 18:07:16,276][__main__][INFO] - epsilon=2.257020e-01  rate=5.394889e-05  rho_A=8.603987e-01
[2026-02-21 18:07:23,199][__main__][INFO] - epsilon=2.477076e-01  rate=5.402921e-05  rho_A=8.653305e-01
[2026-02-21 18:07:30,027][__main__][INFO] - epsilon=2.718588e-01  rate=5.336435e-05  rho_A=8.695739e-01
[2026-02-21 18:07:37,033][__main__][INFO] - epsilon=2.983647e-01  rate=5.196012e-05  rho_A=8.732422e-01
[2026-02-21 18:07:44,073][__main__][INFO] - epsilon=3.274549e-01  rate=4.989461e-05  rho_A=8.764316e-01
[2026-02-21 18:07:50,953][__main__][INFO] - epsilon=3.593814e-01  rate=4.727957e-05  rho_A=8.792214e-01
[2026-02-21 18:07:57,857][__main__][INFO] - epsilon=3.944206e-01  rate=4.424023e-05  rho_A=8.816767e-01
[2026-02-21 18:08:04,788][__main__][INFO] - epsilon=4.328761e-01  rate=4.090513e-05  rho_A=8.838516e-01
[2026-02-21 18:08:11,772][__main__][INFO] - epsilon=4.750810e-01  rate=3.739678e-05  rho_A=8.857909e-01
[2026-02-21 18:08:18,746][__main__][INFO] - epsilon=5.214008e-01  rate=3.382516e-05  rho_A=8.875315e-01
[2026-02-21 18:08:25,709][__main__][INFO] - epsilon=5.722368e-01  rate=3.028657e-05  rho_A=8.891028e-01
[2026-02-21 18:08:32,514][__main__][INFO] - epsilon=6.280291e-01  rate=2.686453e-05  rho_A=8.905283e-01
[2026-02-21 18:08:39,417][__main__][INFO] - epsilon=6.892612e-01  rate=2.362921e-05  rho_A=8.918263e-01
[2026-02-21 18:08:46,337][__main__][INFO] - epsilon=7.564633e-01  rate=2.063479e-05  rho_A=8.930119e-01
[2026-02-21 18:08:53,164][__main__][INFO] - epsilon=8.302176e-01  rate=1.791708e-05  rho_A=8.940967e-01
[2026-02-21 18:09:00,322][__main__][INFO] - epsilon=9.111628e-01  rate=1.549324e-05  rho_A=8.950899e-01
[2026-02-21 18:09:07,369][__main__][INFO] - epsilon=1.000000e+00  rate=1.336403e-05  rho_A=8.959977e-01
[2026-02-21 18:09:07,374][__main__][INFO] - Now saving...
[2026-02-21 18:09:07,392][__main__][INFO] - Save finished!
