[2026-02-21 15:53:14,368][__main__][INFO] - Loading pre-computed distance matrix from /export/ssule25/TMDmaps/data/butane/dist_matrices/2026-02-20_17-57-10_ad5cd8ec/sqdists.npz
[2026-02-21 15:53:15,136][__main__][INFO] - Loaded distance matrix shape: (11570, 11570)
[2026-02-21 15:53:15,136][__main__][INFO] - Starting trials...
[2026-02-21 15:53:28,392][__main__][INFO] - epsilon=1.000000e-04  rate=1.835438e+37  rho_A=4.402279e+37
[2026-02-21 15:53:40,548][__main__][INFO] - epsilon=1.097499e-04  rate=9.313846e+33  rho_A=3.398292e+34
[2026-02-21 15:53:52,254][__main__][INFO] - epsilon=1.204504e-04  rate=4.659210e+46  rho_A=8.828809e+44
[2026-02-21 15:54:03,564][__main__][INFO] - epsilon=1.321941e-04  rate=6.582522e+08  rho_A=-2.560108e+24
[2026-02-21 15:54:14,526][__main__][INFO] - epsilon=1.450829e-04  rate=1.325860e+05  rho_A=-2.644035e+17
[2026-02-21 15:54:25,150][__main__][INFO] - epsilon=1.592283e-04  rate=2.440007e+07  rho_A=7.853842e+20
[2026-02-21 15:54:35,616][__main__][INFO] - epsilon=1.747528e-04  rate=1.453986e-06  rho_A=1.499884e+08
[2026-02-21 15:54:45,811][__main__][INFO] - epsilon=1.917910e-04  rate=2.463099e-08  rho_A=3.947127e+06
[2026-02-21 15:54:56,307][__main__][INFO] - epsilon=2.104904e-04  rate=7.249284e-14  rho_A=6.827106e-01
[2026-02-21 15:55:06,225][__main__][INFO] - epsilon=2.310130e-04  rate=7.892893e-08  rho_A=1.733994e+05
[2026-02-21 15:55:16,083][__main__][INFO] - epsilon=2.535364e-04  rate=1.811824e-07  rho_A=3.268680e+04
[2026-02-21 15:55:25,520][__main__][INFO] - epsilon=2.782559e-04  rate=3.237048e-07  rho_A=6.678991e+03
[2026-02-21 15:55:34,780][__main__][INFO] - epsilon=3.053856e-04  rate=6.646497e-12  rho_A=6.814699e-01
[2026-02-21 15:55:43,936][__main__][INFO] - epsilon=3.351603e-04  rate=1.864705e-11  rho_A=6.813903e-01
[2026-02-21 15:55:52,987][__main__][INFO] - epsilon=3.678380e-04  rate=4.915995e-11  rho_A=6.813268e-01
[2026-02-21 15:56:02,019][__main__][INFO] - epsilon=4.037017e-04  rate=1.223755e-10  rho_A=6.814130e-01
[2026-02-21 15:56:10,733][__main__][INFO] - epsilon=4.430621e-04  rate=2.906889e-10  rho_A=6.815538e-01
[2026-02-21 15:56:19,481][__main__][INFO] - epsilon=4.862602e-04  rate=6.684561e-10  rho_A=6.816878e-01
[2026-02-21 15:56:27,747][__main__][INFO] - epsilon=5.336699e-04  rate=1.508797e-09  rho_A=6.817309e-01
[2026-02-21 15:56:35,614][__main__][INFO] - epsilon=5.857021e-04  rate=3.364294e-09  rho_A=6.816598e-01
[2026-02-21 15:56:43,383][__main__][INFO] - epsilon=6.428073e-04  rate=7.372738e-09  rho_A=6.815469e-01
[2026-02-21 15:56:50,930][__main__][INFO] - epsilon=7.054802e-04  rate=1.567382e-08  rho_A=6.814792e-01
[2026-02-21 15:56:58,290][__main__][INFO] - epsilon=7.742637e-04  rate=3.190587e-08  rho_A=6.814801e-01
[2026-02-21 15:57:05,638][__main__][INFO] - epsilon=8.497534e-04  rate=6.167777e-08  rho_A=6.815199e-01
[2026-02-21 15:57:12,882][__main__][INFO] - epsilon=9.326033e-04  rate=1.129062e-07  rho_A=6.815487e-01
[2026-02-21 15:57:19,997][__main__][INFO] - epsilon=1.023531e-03  rate=1.959744e-07  rho_A=6.815162e-01
[2026-02-21 15:57:26,876][__main__][INFO] - epsilon=1.123324e-03  rate=3.236924e-07  rho_A=6.813836e-01
[2026-02-21 15:57:33,655][__main__][INFO] - epsilon=1.232847e-03  rate=5.110330e-07  rho_A=6.811301e-01
[2026-02-21 15:57:40,315][__main__][INFO] - epsilon=1.353048e-03  rate=7.747371e-07  rho_A=6.807541e-01
[2026-02-21 15:57:47,010][__main__][INFO] - epsilon=1.484968e-03  rate=1.133086e-06  rho_A=6.802720e-01
[2026-02-21 15:57:53,702][__main__][INFO] - epsilon=1.629751e-03  rate=1.606079e-06  rho_A=6.797187e-01
[2026-02-21 15:58:00,434][__main__][INFO] - epsilon=1.788650e-03  rate=2.215834e-06  rho_A=6.791416e-01
[2026-02-21 15:58:07,148][__main__][INFO] - epsilon=1.963041e-03  rate=2.987072e-06  rho_A=6.785855e-01
[2026-02-21 15:58:13,888][__main__][INFO] - epsilon=2.154435e-03  rate=3.949439e-06  rho_A=6.780789e-01
[2026-02-21 15:58:20,563][__main__][INFO] - epsilon=2.364489e-03  rate=5.146263e-06  rho_A=6.776351e-01
[2026-02-21 15:58:27,203][__main__][INFO] - epsilon=2.595024e-03  rate=6.654868e-06  rho_A=6.772597e-01
[2026-02-21 15:58:33,826][__main__][INFO] - epsilon=2.848036e-03  rate=8.619705e-06  rho_A=6.769557e-01
[2026-02-21 15:58:40,450][__main__][INFO] - epsilon=3.125716e-03  rate=1.129348e-05  rho_A=6.767231e-01
[2026-02-21 15:58:47,072][__main__][INFO] - epsilon=3.430469e-03  rate=1.507709e-05  rho_A=6.765596e-01
[2026-02-21 15:58:53,771][__main__][INFO] - epsilon=3.764936e-03  rate=2.054700e-05  rho_A=6.764612e-01
[2026-02-21 15:59:00,451][__main__][INFO] - epsilon=4.132012e-03  rate=2.845353e-05  rho_A=6.764252e-01
[2026-02-21 15:59:07,143][__main__][INFO] - epsilon=4.534879e-03  rate=3.966503e-05  rho_A=6.764533e-01
[2026-02-21 15:59:13,823][__main__][INFO] - epsilon=4.977024e-03  rate=5.503228e-05  rho_A=6.765525e-01
[2026-02-21 15:59:20,548][__main__][INFO] - epsilon=5.462277e-03  rate=7.516765e-05  rho_A=6.767338e-01
[2026-02-21 15:59:27,226][__main__][INFO] - epsilon=5.994843e-03  rate=1.001730e-04  rho_A=6.770114e-01
[2026-02-21 15:59:33,921][__main__][INFO] - epsilon=6.579332e-03  rate=1.294018e-04  rho_A=6.774012e-01
[2026-02-21 15:59:40,603][__main__][INFO] - epsilon=7.220809e-03  rate=1.613873e-04  rho_A=6.779218e-01
[2026-02-21 15:59:47,367][__main__][INFO] - epsilon=7.924829e-03  rate=1.940756e-04  rho_A=6.785955e-01
[2026-02-21 15:59:54,075][__main__][INFO] - epsilon=8.697490e-03  rate=2.253964e-04  rho_A=6.794503e-01
[2026-02-21 16:00:00,779][__main__][INFO] - epsilon=9.545485e-03  rate=2.539961e-04  rho_A=6.805215e-01
[2026-02-21 16:00:07,515][__main__][INFO] - epsilon=1.047616e-02  rate=2.798419e-04  rho_A=6.818490e-01
[2026-02-21 16:00:14,236][__main__][INFO] - epsilon=1.149757e-02  rate=3.045133e-04  rho_A=6.834759e-01
[2026-02-21 16:00:20,970][__main__][INFO] - epsilon=1.261857e-02  rate=3.311380e-04  rho_A=6.854563e-01
[2026-02-21 16:00:27,673][__main__][INFO] - epsilon=1.384886e-02  rate=3.639785e-04  rho_A=6.878725e-01
[2026-02-21 16:00:34,411][__main__][INFO] - epsilon=1.519911e-02  rate=4.077122e-04  rho_A=6.908506e-01
[2026-02-21 16:00:41,144][__main__][INFO] - epsilon=1.668101e-02  rate=4.665674e-04  rho_A=6.945662e-01
[2026-02-21 16:00:47,843][__main__][INFO] - epsilon=1.830738e-02  rate=5.436082e-04  rho_A=6.992435e-01
[2026-02-21 16:00:54,507][__main__][INFO] - epsilon=2.009233e-02  rate=6.404781e-04  rho_A=7.051485e-01
[2026-02-21 16:01:01,169][__main__][INFO] - epsilon=2.205131e-02  rate=7.576544e-04  rho_A=7.125683e-01
[2026-02-21 16:01:07,875][__main__][INFO] - epsilon=2.420128e-02  rate=8.945752e-04  rho_A=7.217663e-01
[2026-02-21 16:01:14,527][__main__][INFO] - epsilon=2.656088e-02  rate=1.048312e-03  rho_A=7.329219e-01
[2026-02-21 16:01:21,191][__main__][INFO] - epsilon=2.915053e-02  rate=1.210235e-03  rho_A=7.460794e-01
[2026-02-21 16:01:27,841][__main__][INFO] - epsilon=3.199267e-02  rate=1.362992e-03  rho_A=7.611283e-01
[2026-02-21 16:01:34,492][__main__][INFO] - epsilon=3.511192e-02  rate=1.482193e-03  rho_A=7.777860e-01
[2026-02-21 16:01:41,144][__main__][INFO] - epsilon=3.853529e-02  rate=1.544490e-03  rho_A=7.955377e-01
[2026-02-21 16:01:47,874][__main__][INFO] - epsilon=4.229243e-02  rate=1.537264e-03  rho_A=8.135668e-01
[2026-02-21 16:01:54,583][__main__][INFO] - epsilon=4.641589e-02  rate=1.462781e-03  rho_A=8.308267e-01
[2026-02-21 16:02:01,272][__main__][INFO] - epsilon=5.094138e-02  rate=1.335060e-03  rho_A=8.463249e-01
[2026-02-21 16:02:07,980][__main__][INFO] - epsilon=5.590810e-02  rate=1.173626e-03  rho_A=8.594382e-01
[2026-02-21 16:02:14,614][__main__][INFO] - epsilon=6.135907e-02  rate=9.980730e-04  rho_A=8.700107e-01
[2026-02-21 16:02:21,310][__main__][INFO] - epsilon=6.734151e-02  rate=8.247415e-04  rho_A=8.782342e-01
[2026-02-21 16:02:28,031][__main__][INFO] - epsilon=7.390722e-02  rate=6.653345e-04  rho_A=8.844711e-01
[2026-02-21 16:02:34,722][__main__][INFO] - epsilon=8.111308e-02  rate=5.267767e-04  rho_A=8.891221e-01
[2026-02-21 16:02:41,422][__main__][INFO] - epsilon=8.902151e-02  rate=4.117695e-04  rho_A=8.925560e-01
[2026-02-21 16:02:48,068][__main__][INFO] - epsilon=9.770100e-02  rate=3.197879e-04  rho_A=8.950805e-01
[2026-02-21 16:02:54,786][__main__][INFO] - epsilon=1.072267e-01  rate=2.482816e-04  rho_A=8.969368e-01
[2026-02-21 16:03:01,500][__main__][INFO] - epsilon=1.176812e-01  rate=1.937863e-04  rho_A=8.983064e-01
[2026-02-21 16:03:08,161][__main__][INFO] - epsilon=1.291550e-01  rate=1.527427e-04  rho_A=8.993222e-01
[2026-02-21 16:03:14,788][__main__][INFO] - epsilon=1.417474e-01  rate=1.219714e-04  rho_A=9.000800e-01
[2026-02-21 16:03:21,461][__main__][INFO] - epsilon=1.555676e-01  rate=9.886455e-05  rho_A=9.006486e-01
[2026-02-21 16:03:28,115][__main__][INFO] - epsilon=1.707353e-01  rate=8.139771e-05  rho_A=9.010772e-01
[2026-02-21 16:03:34,785][__main__][INFO] - epsilon=1.873817e-01  rate=6.805429e-05  rho_A=9.014014e-01
[2026-02-21 16:03:41,449][__main__][INFO] - epsilon=2.056512e-01  rate=5.772288e-05  rho_A=9.016471e-01
[2026-02-21 16:03:48,164][__main__][INFO] - epsilon=2.257020e-01  rate=4.959933e-05  rho_A=9.018334e-01
[2026-02-21 16:03:54,860][__main__][INFO] - epsilon=2.477076e-01  rate=4.310540e-05  rho_A=9.019744e-01
[2026-02-21 16:04:01,539][__main__][INFO] - epsilon=2.718588e-01  rate=3.782595e-05  rho_A=9.020806e-01
[2026-02-21 16:04:08,204][__main__][INFO] - epsilon=2.983647e-01  rate=3.346251e-05  rho_A=9.021602e-01
[2026-02-21 16:04:15,008][__main__][INFO] - epsilon=3.274549e-01  rate=2.979955e-05  rho_A=9.022193e-01
[2026-02-21 16:04:21,792][__main__][INFO] - epsilon=3.593814e-01  rate=2.668054e-05  rho_A=9.022625e-01
[2026-02-21 16:04:28,499][__main__][INFO] - epsilon=3.944206e-01  rate=2.399088e-05  rho_A=9.022936e-01
[2026-02-21 16:04:35,232][__main__][INFO] - epsilon=4.328761e-01  rate=2.164590e-05  rho_A=9.023153e-01
[2026-02-21 16:04:41,938][__main__][INFO] - epsilon=4.750810e-01  rate=1.958232e-05  rho_A=9.023298e-01
[2026-02-21 16:04:48,701][__main__][INFO] - epsilon=5.214008e-01  rate=1.775229e-05  rho_A=9.023390e-01
[2026-02-21 16:04:55,489][__main__][INFO] - epsilon=5.722368e-01  rate=1.611908e-05  rho_A=9.023440e-01
[2026-02-21 16:05:02,230][__main__][INFO] - epsilon=6.280291e-01  rate=1.465406e-05  rho_A=9.023459e-01
[2026-02-21 16:05:08,964][__main__][INFO] - epsilon=6.892612e-01  rate=1.333456e-05  rho_A=9.023456e-01
[2026-02-21 16:05:15,916][__main__][INFO] - epsilon=7.564633e-01  rate=1.214232e-05  rho_A=9.023436e-01
[2026-02-21 16:05:22,616][__main__][INFO] - epsilon=8.302176e-01  rate=1.106236e-05  rho_A=9.023404e-01
[2026-02-21 16:05:29,320][__main__][INFO] - epsilon=9.111628e-01  rate=1.008224e-05  rho_A=9.023365e-01
[2026-02-21 16:05:36,016][__main__][INFO] - epsilon=1.000000e+00  rate=9.191390e-06  rho_A=9.023320e-01
[2026-02-21 16:05:36,022][__main__][INFO] - Now saving...
[2026-02-21 16:05:36,038][__main__][INFO] - Save finished!
